Microsoft (R) Macro Assembler Version 6.14.8444		    03/05/17 11:06:37
RunStr.asm						     Page 1 - 1


				.386
				;Задайте объём ПЗУ в байтах
 = 1000				RomSize    EQU   4096

 0000				IntTable   SEGMENT use16 AT 0 
				;Здесь размещаются адреса обработчиков прерываний
 0000				IntTable   ENDS

 0000				Data       SEGMENT use16 AT 40h
				;Здесь размещаются описания переменных
 0000				Data       ENDS

				;Задайте необходимый адрес стека
 0000				Stk        SEGMENT use16 AT 100h
				;Задайте необходимый размер стека
 0000  0064 [			           dw    100 dup (?)
        0000
       ]
 00C8				StkTop     Label Word
 00C8				Stk        ENDS

 0000				InitData   SEGMENT use16
				;Здесь размещаются описания констант
 0000				InitDataStart:
 0000				Image:      
 0000  FF FF FF FF FF FF	           db    0FFh,0FFh,0FFh,0FFh,0FFh,0FFh,0FFh,0FFh,0FFh,0FFh,0FFh,0FFh,0FFh,0FFh,0FFh,0FFh
       FF FF FF FF FF FF
       FF FF FF FF
 0010  FF FF FF FF FF FF	           db    0FFh,0FFh,0FFh,0FFh,0FFh,0FFh,0FFh,0FFh,0FFh,0FFh,0FFh,0FFh,0FFh,0FFh,0FFh,0FFh
       FF FF FF FF FF FF
       FF FF FF FF
 0020  80 BE BE BE C1 FF	           db    080h,0BEh,0BEh,0BEh,0C1h,0FFh,0C3h,0B5h,0B5h,0B5h,0B3h,0FFh,0B3h,0B5h,0ADh,0CDh
       C3 B5 B5 B5 B3 FF
       B3 B5 AD CD
 0030  FF FB 82 FF E3 5D	           db    0FFh,0FBh,082h,0FFh,0E3h,05Dh,05Dh,05Dh,081h,0FFh,081h,0FBh,0FDh,0FDh,081h,0FFh
       5D 5D 81 FF 81 FB
       FD FD 81 FF
 0040  FF FF FF FF FF 80	           db    0FFh,0FFh,0FFh,0FFh,0FFh,080h,0FDh,0F3h,0F3h,0FDh,080h,0FFh,0FBh,082h,0FFh,0C3h
       FD F3 F3 FD 80 FF
       FB 82 FF C3
 0050  BD BD BD BD FF 81	           db    0BDh,0BDh,0BDh,0BDh,0FFh,081h,0FBh,0FDh,0FDh,0F9h,0FFh,0C3h,0BDh,0BDh,0BDh,0C3h
       FB FD FD F9 FF C3
       BD BD BD C3
 0060  FF B3 B5 AD CD FF	           db    0FFh,0B3h,0B5h,0ADh,0CDh,0FFh,0F1h,06Fh,06Fh,06Fh,081h,0FFh,0B3h,0B5h,0ADh,0CDh
       F1 6F 6F 6F 81 FF
       B3 B5 AD CD
 0070  FF FD C0 BD BD BD	           db    0FFh,0FDh,0C0h,0BDh,0BDh,0BDh,0FFh,0C3h,0B5h,0B5h,0B5h,0B3h,0FFh,081h,0FBh,0FDh
       FF C3 B5 B5 B5 B3
       FF 81 FB FD
 0080  81 FB FD 81 FF B3	           db    081h,0FBh,0FDh,081h,0FFh,0B3h,0B5h,0ADh,0CDh,0FFh,0FFh,0FFh,0FFh,0FFh,0FFh,0FDh
       B5 AD CD FF FF FF
       FF FF FF FD
 0090  F3 CF BF CF F3 FD	           db    0F3h,0CFh,0BFh,0CFh,0F3h,0FDh,0FFh,0BEh,0B6h,0B6h,0C9h,0FFh,09Fh,09Fh,0FFh,0BEh
       FF BE B6 B6 C9 FF
       9F 9F FF BE
 00A0  B6 B6 C9 FF FF FF	           db    0B6h,0B6h,0C9h,0FFh,0FFh,0FFh,0FFh,0FFh,0FFh,081h,07Eh,06Ah,05Eh,05Eh,06Ah,07Eh
       FF FF FF 81 7E 6A
       5E 5E 6A 7E
 00B0  81 FF FF FF FF FF	           db    081h,0FFh,0FFh,0FFh,0FFh,0FFh,0FFh,0FFh,0FFh,0FFh,0FFh,0FFh,0FFh,0FFh,0FFh,0FFh
       FF FF FF FF FF FF
       FF FF FF FF
 00C0  FF FF FF FF FF FF	           db    0FFh,0FFh,0FFh,0FFh,0FFh,0FFh,0FFh,0FFh,0FFh,0FFh,0FFh,0FFh,0FFh,0FFh,0FFh,0FFh
       FF FF FF FF FF FF
       FF FF FF FF
 00D0				InitDataEnd:
 00D0				InitData   ENDS

 0000				Code       SEGMENT use16
				;Здесь размещаются описания констант

				           ASSUME cs:Code,ds:Data,es:InitData
 0000				Start:
 0000  B8 ---- R		           mov   ax,Data
 0003  8E D8			           mov   ds,ax
 0005  B8 ---- R		           mov   ax,InitData
 0008  8E C0			           mov   es,ax
 000A  B8 ---- R		           mov   ax,Stk
 000D  8E D0			           mov   ss,ax
 000F  8D 26 00C8 R		           lea   sp,StkTop
				;Здесь размещается код программы
 0013  BA 0000			           mov   dx,0
 0016				InfLoop:
 0016  E8 0038			           call  Delay
 0019  8D 1E 0000 R		           lea   bx,Image
 001D  03 DA			           add   bx,dx
 001F  B5 01			           mov   ch,1        ;Indicator Counter
 0021				OutNextInd:
 0021  B0 00			           mov   al,0
 0023  E6 01			           out   1,al        ;Turn off cols
 0025  8A C5			           mov   al,ch
 0027  E6 02			           out   2,al        ;Turn on current matrix
 0029  B1 01			           mov   cl,1        ;Col Counter
 002B				OutNextCol:
 002B  B0 00			           mov   al,0
 002D  E6 01			           out   1,al        ;Turn off cols
 002F  26: 8A 07		           mov   al,es:[bx]
 0032  F6 D0			           not   al
 0034  E6 00			           out   0,al        ;Set rows
 0036  8A C1			           mov   al,cl
 0038  E6 01			           out   1,al        ;Turn on current col
				           
 003A  D0 E1			           shl   cl,1
 003C  43			           inc   bx
 003D  73 EC			           jnc   OutNextCol
 003F  D0 E5			           shl   ch,1
 0041  80 FD 10			           cmp   ch,16
 0044  75 DB			           jnz   OutNextInd
 0046  42			           inc   dx
 0047  81 FA 00B0		           cmp   dx,11*16
 004B  75 C9			           jnz   InfLoop
 004D  33 D2			           xor   dx,dx
 004F  EB C5			           jmp   InfLoop
				           
 0051				Delay      proc  near
 0051  51			           push  cx
 0052  B9 EA60			           mov   cx,60000
 0055				DelayLoop:
 0055  41			           inc   cx
 0056  49			           dec cx
 0057  41			           inc   cx
 0058  49			           dec cx
 0059  E2 FA			           loop  DelayLoop
 005B  59			           pop   cx
 005C  C3			           ret
 005D				Delay      endp

				;В следующей строке необходимо указать смещение стартовой точки
				           org   RomSize-16-((InitDataEnd-InitDataStart+15) AND 0FFF0h)
				           ASSUME cs:NOTHING
 0F20  EA ---- 0000 R		           jmp   Far Ptr Start
 0F25				Code       ENDS
				END
Microsoft (R) Macro Assembler Version 6.14.8444		    03/05/17 11:06:37
RunStr.asm						     Symbols 2 - 1




Segments and Groups:

                N a m e                 Size     Length   Align   Combine Class

Code . . . . . . . . . . . . . .	16 Bit	 0F25	  Para	  Private 
Data . . . . . . . . . . . . . .	16 Bit	 0000	  Abs	  Private 
InitData . . . . . . . . . . . .	16 Bit	 00D0	  Para	  Private 
IntTable . . . . . . . . . . . .	16 Bit	 0000	  Abs	  Private 
Stk  . . . . . . . . . . . . . .	16 Bit	 00C8	  Abs	  Private 


Procedures,  parameters and locals:

                N a m e                 Type     Value    Attr

Delay  . . . . . . . . . . . . .	P Near	 0051	  Code	Length= 000C Public
  DelayLoop  . . . . . . . . . .	L Near	 0055	  Code	


Symbols:

                N a m e                 Type     Value    Attr

Image  . . . . . . . . . . . . .	L Near	 0000	  InitData	
InfLoop  . . . . . . . . . . . .	L Near	 0016	  Code	
InitDataEnd  . . . . . . . . . .	L Near	 00D0	  InitData	
InitDataStart  . . . . . . . . .	L Near	 0000	  InitData	
OutNextCol . . . . . . . . . . .	L Near	 002B	  Code	
OutNextInd . . . . . . . . . . .	L Near	 0021	  Code	
RomSize  . . . . . . . . . . . .	Number	 1000h	 
Start  . . . . . . . . . . . . .	L Near	 0000	  Code	
StkTop . . . . . . . . . . . . .	Word	 00C8	  Stk	

	   0 Warnings
	   0 Errors
