Microsoft (R) Macro Assembler Version 6.14.8444		    02/19/23 15:51:20
RunStr.asm						     Page 1 - 1


				.386
				;Задайте объём ПЗУ в байтах
 = 1000				RomSize    EQU   4096

 0000				IntTable   SEGMENT use16 AT 0 
				;Здесь размещаются адреса обработчиков прерываний
 0000				IntTable   ENDS

 0000				Data       SEGMENT use16 AT 40h
				;Здесь размещаются описания переменных
 0000				Data       ENDS

				;Задайте необходимый адрес стека
 0000				Stk        SEGMENT use16 AT 100h
				;Задайте необходимый размер стека
 0000  0064 [			           dw    100 dup (?)
        0000
       ]
 00C8				StkTop     Label Word
 00C8				Stk        ENDS

 0000				InitData   SEGMENT use16
				;Здесь размещаются описания констант
 0000				InitDataStart:
 0000				Image:      
 0000  FF FF FF FF FF FF	           db    0FFh,0FFh,0FFh,0FFh,0FFh,0FFh,0FFh,0FFh,0FFh,0FFh,0FFh,0FFh,0FFh,0FFh,0FFh,0FFh
       FF FF FF FF FF FF
       FF FF FF FF
 0010  FF FF FF FF FF FF	           db    0FFh,0FFh,0FFh,0FFh,0FFh,0FFh,0FFh,0FFh,0FFh,0FFh,0FFh,0FFh,0FFh,0FFh,0FFh,0FFh
       FF FF FF FF FF FF
       FF FF FF FF
 0020  80 BE BE BE C1 FF	           db    080h,0BEh,0BEh,0BEh,0C1h,0FFh,0C3h,0B5h,0B5h,0B5h,0B3h,0FFh,0B3h,0B5h,0ADh,0CDh
       C3 B5 B5 B5 B3 FF
       B3 B5 AD CD
 0030  FF FB 82 FF E3 5D	           db    0FFh,0FBh,082h,0FFh,0E3h,05Dh,05Dh,05Dh,081h,0FFh,081h,0FBh,0FDh,0FDh,081h,0FFh
       5D 5D 81 FF 81 FB
       FD FD 81 FF
 0040  FF FF FF FF FF 80	           db    0FFh,0FFh,0FFh,0FFh,0FFh,080h,0FDh,0F3h,0F3h,0FDh,080h,0FFh,0FBh,082h,0FFh,0C3h
       FD F3 F3 FD 80 FF
       FB 82 FF C3
 0050  BD BD BD BD FF 81	           db    0BDh,0BDh,0BDh,0BDh,0FFh,081h,0FBh,0FDh,0FDh,0F9h,0FFh,0C3h,0BDh,0BDh,0BDh,0C3h
       FB FD FD F9 FF C3
       BD BD BD C3
 0060  FF B3 B5 AD CD FF	           db    0FFh,0B3h,0B5h,0ADh,0CDh,0FFh,0F1h,06Fh,06Fh,06Fh,081h,0FFh,0B3h,0B5h,0ADh,0CDh
       F1 6F 6F 6F 81 FF
       B3 B5 AD CD
 0070  FF FD C0 BD BD BD	           db    0FFh,0FDh,0C0h,0BDh,0BDh,0BDh,0FFh,0C3h,0B5h,0B5h,0B5h,0B3h,0FFh,081h,0FBh,0FDh
       FF C3 B5 B5 B5 B3
       FF 81 FB FD
 0080  81 FB FD 81 FF B3	           db    081h,0FBh,0FDh,081h,0FFh,0B3h,0B5h,0ADh,0CDh,0FFh,0FFh,0FFh,0FFh,0FFh,0FFh,0FDh
       B5 AD CD FF FF FF
       FF FF FF FD
 0090  F3 CF BF CF F3 FD	           db    0F3h,0CFh,0BFh,0CFh,0F3h,0FDh,0FFh,0BEh,0B6h,0B6h,0C9h,0FFh,09Fh,09Fh,0FFh,0BEh
       FF BE B6 B6 C9 FF
       9F 9F FF BE
 00A0  B6 B6 C9 FF FF FF	           db    0B6h,0B6h,0C9h,0FFh,0FFh,0FFh,0FFh,0FFh,0FFh,081h,07Eh,06Ah,05Eh,05Eh,06Ah,07Eh
       FF FF FF 81 7E 6A
       5E 5E 6A 7E
 00B0  81 FF FF FF FF FF	           db    081h,0FFh,0FFh,0FFh,0FFh,0FFh,0FFh,0FFh,0FFh,0FFh,0FFh,0FFh,0FFh,0FFh,0FFh,0FFh
       FF FF FF FF FF FF
       FF FF FF FF
 00C0  FF FF FF FF FF FF	           db    0FFh,0FFh,0FFh,0FFh,0FFh,0FFh,0FFh,0FFh,0FFh,0FFh,0FFh,0FFh,0FFh,0FFh,0FFh,0FFh
       FF FF FF FF FF FF
       FF FF FF FF
 00D0				InitDataEnd:
 00D0				InitData   ENDS

 0000				Code       SEGMENT use16
				;Здесь размещаются описания констант

				           ASSUME cs:Code,ds:Data,es:InitData

 0000				Display    PROC  NEAR
				           ;ax   Смещение от начала Image
				           
 0000  53			           push  bx
 0001  51			           push  cx
				           
 0002  8D 1E 0000 R		           lea   bx,Image
 0006  03 D8			           add   bx,ax
 0008  B5 01			           mov   ch,1        ;Indicator Counter
 000A				OutNextInd:
 000A  B0 00			           mov   al,0
 000C  E6 01			           out   1,al        ;Turn off cols
 000E  8A C5			           mov   al,ch
 0010  E6 02			           out   2,al        ;Turn on current matrix
 0012  B1 01			           mov   cl,1        ;Col Counter
 0014				OutNextCol:
 0014  B0 00			           mov   al,0
 0016  E6 01			           out   1,al        ;Turn off cols
 0018  26: 8A 07		           mov   al,es:[bx]
 001B  F6 D0			           not   al
 001D  E6 00			           out   0,al        ;Set rows
 001F  8A C1			           mov   al,cl
 0021  E6 01			           out   1,al        ;Turn on current col
				           
 0023  D0 E1			           shl   cl,1
 0025  43			           inc   bx
 0026  73 EC			           jnc   OutNextCol
 0028  D0 E5			           shl   ch,1
 002A  80 FD 10			           cmp   ch,16
 002D  75 DB			           jnz   OutNextInd
				           
 002F  32 C0			           xor   al, al
 0031  E6 02			           out   2, al

 0033  59			           pop   cx
 0034  5B			           pop   bx
 0035  C3			           ret
 0036				Display    ENDP

 0036				Start:
 0036  B8 ---- R		           mov   ax,Data
 0039  8E D8			           mov   ds,ax
 003B  B8 ---- R		           mov   ax,InitData
 003E  8E C0			           mov   es,ax
 0040  B8 ---- R		           mov   ax,Stk
 0043  8E D0			           mov   ss,ax
 0045  8D 26 00C8 R		           lea   sp,StkTop
				;Здесь размещается код программы
 0049  BA 0032			           mov   dx,50
 004C				InfLoop:
 004C  B9 001E			           mov   cx, 30
 004F				LoopDisplay:
 004F  8B C2			           mov   ax, dx
 0051  E8 FFAC			           call  Display
 0054  49			           dec   cx
 0055				LoopDisplay1:
 0055  75 F8			           jnz   LoopDisplay
				           
 0057  42			           inc   dx
 0058  81 FA 00B0		           cmp   dx,11*16
 005C  75 EE			           jnz   InfLoop
 005E  33 D2			           xor   dx,dx
 0060  EB EA			           jmp   InfLoop
				           

				;В следующей строке необходимо указать смещение стартовой точки
				           org   RomSize-16-((InitDataEnd-InitDataStart+15) AND 0FFF0h)
				           ASSUME cs:NOTHING
 0F20  EA ---- 0036 R		           jmp   Far Ptr Start
 0F25				Code       ENDS
				END
Microsoft (R) Macro Assembler Version 6.14.8444		    02/19/23 15:51:20
RunStr.asm						     Symbols 2 - 1




Segments and Groups:

                N a m e                 Size     Length   Align   Combine Class

Code . . . . . . . . . . . . . .	16 Bit	 0F25	  Para	  Private 
Data . . . . . . . . . . . . . .	16 Bit	 0000	  Abs	  Private 
InitData . . . . . . . . . . . .	16 Bit	 00D0	  Para	  Private 
IntTable . . . . . . . . . . . .	16 Bit	 0000	  Abs	  Private 
Stk  . . . . . . . . . . . . . .	16 Bit	 00C8	  Abs	  Private 


Procedures,  parameters and locals:

                N a m e                 Type     Value    Attr

Display  . . . . . . . . . . . .	P Near	 0000	  Code	Length= 0036 Public
  OutNextInd . . . . . . . . . .	L Near	 000A	  Code	
  OutNextCol . . . . . . . . . .	L Near	 0014	  Code	


Symbols:

                N a m e                 Type     Value    Attr

Image  . . . . . . . . . . . . .	L Near	 0000	  InitData	
InfLoop  . . . . . . . . . . . .	L Near	 004C	  Code	
InitDataEnd  . . . . . . . . . .	L Near	 00D0	  InitData	
InitDataStart  . . . . . . . . .	L Near	 0000	  InitData	
LoopDisplay1 . . . . . . . . . .	L Near	 0055	  Code	
LoopDisplay  . . . . . . . . . .	L Near	 004F	  Code	
RomSize  . . . . . . . . . . . .	Number	 1000h	 
Start  . . . . . . . . . . . . .	L Near	 0036	  Code	
StkTop . . . . . . . . . . . . .	Word	 00C8	  Stk	

	   0 Warnings
	   0 Errors
