Microsoft (R) Macro Assembler Version 6.14.8444		    03/04/17 10:43:56
Simple.asm						     Page 1 - 1


 = 1000				RomSize    EQU   4096        ;Объём ПЗУ

 0000				Code       SEGMENT
				           ASSUME cs:Code
 0000				Start:
 0000  E4 00			           in   al,0         ;Читаем состояние клавиш
 0002  E6 00			           out  0,al         ;И выводим на светодиоды
 0004  EB FA			           jmp  Start


				           org   RomSize-16
				           ASSUME cs:NOTHING
 0FF0  EA ---- 0000 R		           jmp   Far Ptr Start
 0FF5				Code       ENDS
				END
Microsoft (R) Macro Assembler Version 6.14.8444		    03/04/17 10:43:56
Simple.asm						     Symbols 2 - 1




Segments and Groups:

                N a m e                 Size     Length   Align   Combine Class

Code . . . . . . . . . . . . . .	16 Bit	 0FF5	  Para	  Private 


Symbols:

                N a m e                 Type     Value    Attr

RomSize  . . . . . . . . . . . .	Number	 1000h	 
Start  . . . . . . . . . . . . .	L Near	 0000	  Code	

	   0 Warnings
	   0 Errors
